0 verbose cli /Users/azka/.trae/binaries/node/versions/24.14.1/bin/node /Users/azka/.trae/sdks/workspaces/03bd00ab/versions/node/current/npm
1 info using npm@11.11.0
2 info using node@v24.14.1
3 silly config load:file:/Users/azka/.trae/binaries/node/versions/24.14.1/lib/node_modules/npm/npmrc
4 silly config load:file:/Users/azka/Documents/trae_projects/CheatWords/.npmrc
5 silly config load:file:/Users/azka/Documents/trae_projects/CheatWords/.home/.npmrc
6 silly config load:file:/Users/azka/.trae/binaries/node/versions/24.14.1/etc/npmrc
7 verbose title npm create next-app@latest . --ts --tailwind --eslint --app --src-dir --import-alias @/* --yes
8 verbose argv "create" "next-app@latest" "." "--" "--ts" "--tailwind" "--eslint" "--app" "--src-dir" "--import-alias" "@/*" "--yes"
9 verbose logfile logs-max:10 dir:/Users/azka/Documents/trae_projects/CheatWords/.home/.npm/_logs/2026-03-26T05_10_15_029Z-
10 verbose logfile /Users/azka/Documents/trae_projects/CheatWords/.home/.npm/_logs/2026-03-26T05_10_15_029Z-debug-0.log
11 silly logfile done cleaning log files
12 silly packumentCache heap:4496293888 maxSize:1124073472 maxEntrySize:562036736
13 http fetch GET 200 https://registry.npmjs.org/npm 327ms
14 http fetch GET 200 https://registry.npmjs.org/create-next-app 706ms (cache miss)
15 silly packumentCache heap:4496293888 maxSize:1124073472 maxEntrySize:562036736
16 silly idealTree buildDeps
17 silly fetch manifest create-next-app@16.2.1
18 silly packumentCache full:https://registry.npmjs.org/create-next-app cache-miss
19 http fetch GET 200 https://registry.npmjs.org/create-next-app 531ms (cache miss)
20 silly packumentCache full:https://registry.npmjs.org/create-next-app set size:undefined disposed:false
21 silly placeDep ROOT create-next-app@16.2.1 OK for:  want: 16.2.1
22 silly reify moves {}
23 silly audit bulk request { 'create-next-app': [ '16.2.1' ] }
24 http cache create-next-app@https://registry.npmjs.org/create-next-app/-/create-next-app-16.2.1.tgz 0ms (cache hit)
25 silly tarball no local data for create-next-app@https://registry.npmjs.org/create-next-app/-/create-next-app-16.2.1.tgz. Extracting by manifest.
26 http fetch GET 200 https://registry.npmjs.org/create-next-app/-/create-next-app-16.2.1.tgz 119ms (cache miss)
27 http fetch POST 200 https://registry.npmjs.org/-/npm/v1/security/advisories/bulk 238ms
28 silly audit report {}
29 verbose stack Error: command failed
29 verbose stack     at promiseSpawn (/Users/azka/.trae/binaries/node/versions/24.14.1/lib/node_modules/npm/node_modules/@npmcli/promise-spawn/lib/index.js:22:22)
29 verbose stack     at spawnWithShell (/Users/azka/.trae/binaries/node/versions/24.14.1/lib/node_modules/npm/node_modules/@npmcli/promise-spawn/lib/index.js:124:10)
29 verbose stack     at promiseSpawn (/Users/azka/.trae/binaries/node/versions/24.14.1/lib/node_modules/npm/node_modules/@npmcli/promise-spawn/lib/index.js:12:12)
29 verbose stack     at runScriptPkg (/Users/azka/.trae/binaries/node/versions/24.14.1/lib/node_modules/npm/node_modules/@npmcli/run-script/lib/run-script-pkg.js:79:13)
29 verbose stack     at runScript (/Users/azka/.trae/binaries/node/versions/24.14.1/lib/node_modules/npm/node_modules/@npmcli/run-script/lib/run-script.js:9:12)
29 verbose stack     at run (/Users/azka/.trae/binaries/node/versions/24.14.1/lib/node_modules/npm/node_modules/libnpmexec/lib/run-script.js:60:10)
29 verbose stack     at async exec (/Users/azka/.trae/binaries/node/versions/24.14.1/lib/node_modules/npm/node_modules/libnpmexec/lib/index.js:312:10)
29 verbose stack     at async Init.execCreate (/Users/azka/.trae/binaries/node/versions/24.14.1/lib/node_modules/npm/lib/commands/init.js:143:5)
29 verbose stack     at async Init.exec (/Users/azka/.trae/binaries/node/versions/24.14.1/lib/node_modules/npm/lib/commands/init.js:46:14)
29 verbose stack     at async Npm.exec (/Users/azka/.trae/binaries/node/versions/24.14.1/lib/node_modules/npm/lib/npm.js:209:9)
30 error code 1
31 error path /Users/azka/Documents/trae_projects/CheatWords
32 error command failed
33 error command sh -c "create-next-app" . --ts --tailwind --eslint --app --src-dir --import-alias '@/*' --yes
34 verbose cwd /Users/azka/Documents/trae_projects/CheatWords
35 verbose os Darwin 25.3.0
36 verbose node v24.14.1
37 verbose npm  v11.11.0
38 notice
38 notice New [33mminor[39m version of npm available! [33m11.11.0[39m -> [34m11.12.0[39m
38 notice Changelog: [34mhttps://github.com/npm/cli/releases/tag/v11.12.0[39m
38 notice To update run: [4mnpm install -g npm@11.12.0[24m
38 notice  { force: true, Symbol(proc-log.meta): true }
39 verbose exit 1
40 verbose code 1
41 error A complete log of this run can be found in: /Users/azka/Documents/trae_projects/CheatWords/.home/.npm/_logs/2026-03-26T05_10_15_029Z-debug-0.log
