0 verbose cli /Users/azka/.trae/binaries/node/versions/24.14.1/bin/node /Users/azka/.trae/binaries/node/versions/24.14.1/lib/node_modules/npm/bin/npm-cli.js
1 info using npm@11.11.0
2 info using node@v24.14.1
3 silly config load:file:/Users/azka/.trae/binaries/node/versions/24.14.1/lib/node_modules/npm/npmrc
4 silly config load:file:/Users/azka/Documents/trae_projects/CheatWords/.npmrc
5 silly config load:file:/Users/azka/Documents/trae_projects/CheatWords/.home/.npmrc
6 silly config load:file:/Users/azka/.trae/binaries/node/versions/24.14.1/etc/npmrc
7 verbose title npm exec create-next-app@latest cheatwords --ts --tailwind --eslint --app --src-dir --import-alias @/* --yes --use-npm
8 verbose argv "exec" "--" "create-next-app@latest" "cheatwords" "--ts" "--tailwind" "--eslint" "--app" "--src-dir" "--import-alias" "@/*" "--yes" "--use-npm"
9 verbose logfile logs-max:10 dir:/Users/azka/Documents/trae_projects/CheatWords/.home/.npm/_logs/2026-03-26T05_10_42_785Z-
10 verbose logfile /Users/azka/Documents/trae_projects/CheatWords/.home/.npm/_logs/2026-03-26T05_10_42_785Z-debug-0.log
11 silly logfile done cleaning log files
12 silly packumentCache heap:4496293888 maxSize:1124073472 maxEntrySize:562036736
13 http fetch GET 200 https://registry.npmjs.org/create-next-app 130ms (cache revalidated)
14 silly packumentCache heap:4496293888 maxSize:1124073472 maxEntrySize:562036736
15 silly packumentCache heap:4496293888 maxSize:1124073472 maxEntrySize:562036736
16 verbose cwd /Users/azka/Documents/trae_projects/CheatWords
17 verbose os Darwin 25.3.0
18 verbose node v24.14.1
19 verbose npm  v11.11.0
20 verbose exit 0
21 info ok
